// Jest Snapshot v1, https://goo.gl/fbAQLP

exports[`render the component ItemCard renders with item 1`] = `
<Component
  style={
    Object {
      "height": 200,
    }
  }
>
  <ShimmerPlaceHolder
    autoRun={true}
    backgroundColorBehindBorder="white"
    colorShimmer={
      Array [
        "#ebebeb",
        "#c5c5c5",
        "#ebebeb",
      ]
    }
    duration={1000}
    hasBorder={false}
    height={15}
    location={
      Array [
        0.3,
        0.5,
        0.7,
      ]
    }
    reverse={false}
    style={
      Object {
        "borderRadius": 14,
        "height": 180,
      }
    }
    visible={false}
    width={200}
    widthShimmer={0.7}
  />
  <Image
    onLoad={[Function]}
    source={
      Object {
        "uri": "https://unsplash.it/1000/1000",
      }
    }
    style={
      Object {
        "height": 1,
        "width": 1,
      }
    }
  />
  <ShimmerPlaceHolder
    autoRun={true}
    backgroundColorBehindBorder="white"
    colorShimmer={
      Array [
        "#ebebeb",
        "#c5c5c5",
        "#ebebeb",
      ]
    }
    duration={1000}
    hasBorder={false}
    height={15}
    location={
      Array [
        0.3,
        0.5,
        0.7,
      ]
    }
    reverse={false}
    style={
      Object {
        "marginLeft": 9,
        "marginTop": 12,
      }
    }
    visible={false}
    width={200}
    widthShimmer={0.7}
  >
    <Component
      style={
        Object {
          "color": "#5C5C5C",
          "fontFamily": "Helvetica Neue",
          "fontSize": 18,
          "marginLeft": 9,
          "marginTop": 12,
          "textAlign": "left",
        }
      }
    >
      name1
    </Component>
  </ShimmerPlaceHolder>
</Component>
`;
